<_TtGC7SwiftUI14_UIHostingViewV18SMHSSchedule__iOS_11ContentView_; frame = (0 0; 428 926); autoresize = W+H; gestureRecognizers = <NSArray>; layer = <CALayer>>
   | <_TtGC7SwiftUI16PlatformViewHostGVS_42PlatformViewControllerRepresentableAdaptorVS_P13$7fff5692199412UIKitTabView__; frame = (0 0; 428 926); anchorPoint = (0, 0); tintColor = UIExtendedSRGBColorSpace 0.203922 0.596078 0.858824 1; layer = <CALayer>>
   |    | <UILayoutContainerView; frame = (0 0; 428 926); autoresize = W+H; layer = <CALayer>>
   |    |    | <UITransitionView; frame = (0 0; 428 926); clipsToBounds = YES; autoresize = W+H; layer = <CALayer>>
   |    |    |    | <UIViewControllerWrapperView; frame = (0 0; 428 926); layer = <CALayer>>
   |    |    |    |    | <_TtGC7SwiftUI14_UIHostingViewVS_14_ViewList_View_; frame = (0 0; 428 926); gestureRecognizers = <NSArray>; layer = <CALayer>>
   |    |    |    |    |    | <SwiftUI.HostingScrollView; baseClass = UIScrollView; frame = (0 0; 428 926); anchorPoint = (0, 0); clipsToBounds = YES; gestureRecognizers = <NSArray>; layer = <CALayer>; contentOffset: {0, -47}; contentSize: {428, 1229.3333333333333}; adjustedContentInset: {47, 0, 0, 0}>
   |    |    |    |    |    |    | <_TtCC7SwiftUI17HostingScrollView22PlatformGroupContainer; frame = (0 0; 428 1229.33); layer = <CALayer>>
   |    |    |    |    |    |    |    | <_TtGC7SwiftUI16PlatformViewHostGVS_P13$7fff5695d72832PlatformViewRepresentableAdaptorVS_P13$7fff569055d022SystemSegmentedControl__; frame = (23 110; 382 31); anchorPoint = (0, 0); tintColor = UIExtendedSRGBColorSpace 0.203922 0.596078 0.858824 1; layer = <CALayer>>
   |    |    |    |    |    |    |    |    | <_TtCV7SwiftUIP33_D74FE142C3C5A6C2CEA4987A69AEBD7522SystemSegmentedControl18UISegmentedControl; baseClass = UISegmentedControl; frame = (0 0; 382 32); clipsToBounds = YES; opaque = NO; layer = <CALayer>>
   |    |    |    |    |    |    |    |    |    | <UIImageView; frame = (0 0; 190 32); opaque = NO; userInteractionEnabled = NO; layer = <CALayer>>
   |    |    |    |    |    |    |    |    |    |    | <UIImageView; frame = (190 0; 1 32); opaque = NO; autoresize = LM; userInteractionEnabled = NO; tag = -1030; layer = <CALayer>>
   |    |    |    |    |    |    |    |    |    |    |    | <UIImageView; frame = (0 0; 1 32); alpha = 0; opaque = NO; autoresize = W+H; userInteractionEnabled = NO; layer = <CALayer>>
   |    |    |    |    |    |    |    |    |    | <UIImageView; frame = (191 0; 191 32); opaque = NO; userInteractionEnabled = NO; layer = <CALayer>>
   |    |    |    |    |    |    |    |    |    |    | <UIImageView; frame = (191 0; 1 32); alpha = 0; opaque = NO; autoresize = LM; userInteractionEnabled = NO; tag = -1030; layer = <CALayer>>
   |    |    |    |    |    |    |    |    |    |    |    | <UIImageView; frame = (0 0; 1 32); opaque = NO; autoresize = W+H; userInteractionEnabled = NO; layer = <CALayer>>
   |    |    |    |    |    |    |    |    |    | <UIImageView; frame = (-3 -3; 196 38); opaque = NO; userInteractionEnabled = NO; layer = <CALayer>>
   |    |    |    |    |    |    |    |    |    | <UISegment; frame = (191 0; 191 32); opaque = NO; layer = <CALayer>>
   |    |    |    |    |    |    |    |    |    |    | <UISegmentLabel; frame = (63.6667 8.33333; 64 15.6667); text = '2nd Lunch'; opaque = NO; userInteractionEnabled = NO; layer = <_UILabelLayer>>
   |    |    |    |    |    |    |    |    |    | <UISegment; frame = (0 0; 190 32); opaque = NO; layer = <CALayer>>
   |    |    |    |    |    |    |    |    |    |    | <UISegmentLabel; frame = (65.3333 8.33333; 59.6667 15.6667); text = '1st Lunch'; opaque = NO; userInteractionEnabled = NO; layer = <_UILabelLayer>>
   |    |    |    |    |    |    |    | <_TtC7SwiftUIP33_A34643117F00277B93DEBAB70EC0697122_UIShapeHitTestingView; frame = (69 164; 290 290); anchorPoint = (0, 0); autoresizesSubviews = NO; layer = <CALayer>>
   |    |    |    |    |    |    |    | <_TtCOCV7SwiftUI11DisplayList11ViewUpdater8Platform13CGDrawingView; frame = (148 287; 132.333 24); anchorPoint = (0, 0); opaque = NO; autoresizesSubviews = NO; layer = <CALayer>>
   |    |    |    |    |    |    |    | <UIView; frame = (23 477; 382 0.333333); anchorPoint = (0, 0); autoresizesSubviews = NO; layer = <CALayer>>
   |    |    |    |    |    |    |    | <_TtCOCV7SwiftUI11DisplayList11ViewUpdater8Platform13CGDrawingView; frame = (23 486.667; 181.667 26.3333); anchorPoint = (0, 0); opaque = NO; autoresizesSubviews = NO; layer = <CALayer>>
   |    |    |    |    |    |    |    | <_TtCOCV7SwiftUI11DisplayList11ViewUpdater8Platform13CGDrawingView; frame = (23 528; 146.667 20.3333); anchorPoint = (0, 0); opaque = NO; autoresizesSubviews = NO; layer = <CALayer>>
   |    |    |    |    |    |    |    | <_TtCOCV7SwiftUI11DisplayList11ViewUpdater8Platform13CGDrawingView; frame = (23 560.333; 149 20.3333); anchorPoint = (0, 0); opaque = NO; autoresizesSubviews = NO; layer = <CALayer>>
   |    |    |    |    |    |    |    | <_TtCOCV7SwiftUI11DisplayList11ViewUpdater8Platform13CGDrawingView; frame = (23 592.667; 239 20.3333); anchorPoint = (0, 0); opaque = NO; autoresizesSubviews = NO; layer = <CALayer>>
   |    |    |    |    |    |    |    | <_TtCOCV7SwiftUI11DisplayList11ViewUpdater8Platform13CGDrawingView; frame = (23 625; 222.333 20.3333); anchorPoint = (0, 0); opaque = NO; autoresizesSubviews = NO; layer = <CALayer>>
   |    |    |    |    |    |    |    | <_TtCOCV7SwiftUI11DisplayList11ViewUpdater8Platform13CGDrawingView; frame = (23 657.333; 249.333 20.3333); anchorPoint = (0, 0); opaque = NO; autoresizesSubviews = NO; layer = <CALayer>>
   |    |    |    |    |    |    |    | <_TtCOCV7SwiftUI11DisplayList11ViewUpdater8Platform13CGDrawingView; frame = (23 689.667; 231 20.3333); anchorPoint = (0, 0); opaque = NO; autoresizesSubviews = NO; layer = <CALayer>>
   |    |    |    |    |    |    |    | <_TtCOCV7SwiftUI11DisplayList11ViewUpdater8Platform13CGDrawingView; frame = (23 722; 249.333 20.3333); anchorPoint = (0, 0); opaque = NO; autoresizesSubviews = NO; layer = <CALayer>>
   |    |    |    |    |    |    |    | <_TtCOCV7SwiftUI11DisplayList11ViewUpdater8Platform13CGDrawingView; frame = (23 754.333; 146.667 20.3333); anchorPoint = (0, 0); opaque = NO; autoresizesSubviews = NO; layer = <CALayer>>
   |    |    |    |    |    |    |    | <_TtCOCV7SwiftUI11DisplayList11ViewUpdater8Platform13CGDrawingView; frame = (23 786.667; 175.667 20.3333); anchorPoint = (0, 0); opaque = NO; autoresizesSubviews = NO; layer = <CALayer>>
   |    |    |    |    |    |    |    | <_TtCOCV7SwiftUI11DisplayList11ViewUpdater8Platform13CGDrawingView; frame = (23 819; 235.333 20.3333); anchorPoint = (0, 0); opaque = NO; autoresizesSubviews = NO; layer = <CALayer>>
   |    |    |    |    |    |    |    | <_TtCOCV7SwiftUI11DisplayList11ViewUpdater8Platform13CGDrawingView; frame = (23 851.333; 245 20.3333); anchorPoint = (0, 0); opaque = NO; autoresizesSubviews = NO; layer = <CALayer>>
   |    |    |    |    |    |    |    | <_TtCOCV7SwiftUI11DisplayList11ViewUpdater8Platform13CGDrawingView; frame = (23 883.667; 268 20.3333); anchorPoint = (0, 0); opaque = NO; autoresizesSubviews = NO; layer = <CALayer>>
   |    |    |    |    |    |    |    | <_TtCOCV7SwiftUI11DisplayList11ViewUpdater8Platform13CGDrawingView; frame = (23 916; 174.667 20.3333); anchorPoint = (0, 0); opaque = NO; autoresizesSubviews = NO; layer = <CALayer>>
   |    |    |    |    |    |    |    | <_TtCOCV7SwiftUI11DisplayList11ViewUpdater8Platform13CGDrawingView; frame = (23 948.333; 229.667 20.3333); anchorPoint = (0, 0); opaque = NO; autoresizesSubviews = NO; layer = <CALayer>>
   |    |    |    |    |    |    |    | <_TtCOCV7SwiftUI11DisplayList11ViewUpdater8Platform13CGDrawingView; frame = (23 980.667; 247 20.3333); anchorPoint = (0, 0); opaque = NO; autoresizesSubviews = NO; layer = <CALayer>>
   |    |    |    |    |    |    |    | <_TtCOCV7SwiftUI11DisplayList11ViewUpdater8Platform13CGDrawingView; frame = (23 1013; 324 20.3333); anchorPoint = (0, 0); opaque = NO; autoresizesSubviews = NO; layer = <CALayer>>
   |    |    |    |    |    |    |    | <_TtCOCV7SwiftUI11DisplayList11ViewUpdater8Platform13CGDrawingView; frame = (23 1045.33; 164 20.3333); anchorPoint = (0, 0); opaque = NO; autoresizesSubviews = NO; layer = <CALayer>>
   |    |    |    |    |    |    |    | <_TtCOCV7SwiftUI11DisplayList11ViewUpdater8Platform13CGDrawingView; frame = (23 1077.67; 295 20.3333); anchorPoint = (0, 0); opaque = NO; autoresizesSubviews = NO; layer = <CALayer>>
   |    |    |    |    |    |    |    | <_TtCOCV7SwiftUI11DisplayList11ViewUpdater8Platform13CGDrawingView; frame = (23 1110; 174 20.3333); anchorPoint = (0, 0); opaque = NO; autoresizesSubviews = NO; layer = <CALayer>>
   |    |    |    |    |    |    |    | <_TtCOCV7SwiftUI11DisplayList11ViewUpdater8Platform13CGDrawingView; frame = (23 1142.33; 187.333 20.3333); anchorPoint = (0, 0); opaque = NO; autoresizesSubviews = NO; layer = <CALayer>>
   |    |    |    |    |    |    |    | <_TtCOCV7SwiftUI11DisplayList11ViewUpdater8Platform13CGDrawingView; frame = (23 1174.67; 270.333 20.3333); anchorPoint = (0, 0); opaque = NO; autoresizesSubviews = NO; layer = <CALayer>>
   |    |    |    |    |    |    |    | <_TtCOCV7SwiftUI11DisplayList11ViewUpdater8Platform13CGDrawingView; frame = (23 1207; 249.333 20.3333); anchorPoint = (0, 0); opaque = NO; autoresizesSubviews = NO; layer = <CALayer>>
   |    |    |    |    |    |    | <_UIScrollViewScrollIndicator; frame = (3 873; 419 3); alpha = 0; autoresize = TM; layer = <CALayer>>
   |    |    |    |    |    |    |    | <UIView; frame = (0 0; 419 3); layer = <CALayer>>
   |    |    |    |    |    |    | <_UIScrollViewScrollIndicator; frame = (422 3; 3 633.333); alpha = 0; autoresize = LM; layer = <CALayer>>
   |    |    |    |    |    |    |    | <UIView; frame = (0 0; 3 633.333); layer = <CALayer>>
   |    |    |    |    |    | <_TtGC7SwiftUI16PlatformViewHostGVS_P13$7fff5695d72832PlatformViewRepresentableAdaptorV20SwiftUIVisualEffects34_BlurVisualEffectViewRepresentable__; frame = (0 0; 428 122); anchorPoint = (0, 0); tintColor = UIExtendedSRGBColorSpace 0.203922 0.596078 0.858824 1; layer = <CALayer>>
   |    |    |    |    |    |    | <UIVisualEffectView; frame = (0 0; 428 122); layer = <CALayer>> effect=<UIBlurEffect> style=UIBlurEffectStyleSystemThinMaterial
   |    |    |    |    |    |    |    | <_UIVisualEffectBackdropView; frame = (0 0; 428 122); autoresize = W+H; userInteractionEnabled = NO; layer = <UICABackdropLayer>>
   |    |    |    |    |    | <_TtCOCV7SwiftUI11DisplayList11ViewUpdater8Platform13CGDrawingView; frame = (20 45; 95.3333 40.6667); anchorPoint = (0, 0); opaque = NO; autoresizesSubviews = NO; layer = <CALayer>>
   |    |    |    |    |    | <_TtGC7SwiftUI16PlatformViewHostGVS_P13$7fff5695d72832PlatformViewRepresentableAdaptorGV20SwiftUIVisualEffects38_VibrancyVisualEffectViewRepresentableGVS_21_ViewModifier_ContentVS2_22VibrancyEffectModifier____; frame = (20 85.6667; 344.667 26.3333); anchorPoint = (0, 0); tintColor = UIExtendedSRGBColorSpace 0.203922 0.596078 0.858824 1; layer = <CALayer>>
   |    |    |    |    |    |    | <UIVisualEffectView; frame = (0 0; 344.667 26.3333); layer = <CALayer>> clientRequestedContentView effect=<UIVibrancyEffect> style=UIBlurEffectStyleSystemThinMaterial vibrancyStyle=UIVibrancyEffectStyleSecondaryLabel
   |    |    |    |    |    |    |    | <_UIVisualEffectContentView; frame = (0 0; 344.667 26.3333); clipsToBounds = YES; autoresize = W+H; tintColor = UIExtendedGrayColorSpace 1 1; layer = <CALayer>>
   |    |    |    |    |    |    |    |    | <_TtGC7SwiftUI14_UIHostingViewGVS_21_ViewModifier_ContentV20SwiftUIVisualEffects22VibrancyEffectModifier__; frame = (0 0; 344.667 26.3333); autoresize = W+H; gestureRecognizers = <NSArray>; layer = <CALayer>>
   |    |    |    |    |    |    |    |    |    | <_TtCOCV7SwiftUI11DisplayList11ViewUpdater8Platform13CGDrawingView; frame = (0 0; 71.3333 26.3333); anchorPoint = (0, 0); opaque = NO; autoresizesSubviews = NO; layer = <CALayer>>
   |    |    |    |    |    | <UIView; frame = (375.333 63.6667; 30 30); anchorPoint = (0, 0); autoresizesSubviews = NO; layer = <SwiftUI.ImageLayer>>
   |    |    | <UITabBar; frame = (0 877; 428 49); autoresize = W+TM; tintColor = UIExtendedSRGBColorSpace 0.203922 0.596078 0.858824 1; gestureRecognizers = <NSArray>; layer = <CALayer>>
   |    |    |    | <_UIBarBackground; frame = (0 0; 428 49); userInteractionEnabled = NO; layer = <CALayer>>
   |    |    |    |    | <UIVisualEffectView; frame = (0 0; 428 49); layer = <CALayer>> effect=none
   |    |    |    |    |    | <_UIVisualEffectBackdropView; frame = (0 0; 428 49); autoresize = W+H; userInteractionEnabled = NO; layer = <UICABackdropLayer>>
   |    |    |    |    | <_UIBarBackgroundShadowView; frame = (0 -0.333333; 428 0.333333); layer = <CALayer>> clientRequestedContentView effect=none
   |    |    |    |    |    | <_UIBarBackgroundShadowContentImageView; frame = (0 0; 428 0.333333); autoresize = W+H; userInteractionEnabled = NO; layer = <CALayer>>
   |    |    |    | <UITabBarButton; frame = (2 1; 103 48); opaque = NO; layer = <CALayer>>
   |    |    |    |    | <UIVisualEffectView; frame = (0 0; 103 48); userInteractionEnabled = NO; layer = <CALayer>> clientRequestedContentView effect=<UIVibrancyEffect> style=UIBlurEffectStyleSystemChromeMaterial vibrancyStyle=UIVibrancyEffectStyleFill
   |    |    |    |    |    | <_UIVisualEffectContentView; frame = (0 0; 103 48); autoresize = W+H; tintColor = UIExtendedGrayColorSpace 1 1; layer = <CALayer>> disablesGroupFiltering
   |    |    |    |    | <UITabBarSwappableImageView; frame = (39.6667 7.66667; 23.6667 21.6667); opaque = NO; userInteractionEnabled = NO; layer = <CALayer>>
   |    |    |    |    | <UITabBarButtonLabel; frame = (36.6667 34.3333; 29.6667 12); text = 'Today'; opaque = NO; userInteractionEnabled = NO; layer = <_UILabelLayer>>
   |    |    |    | <UITabBarButton; frame = (109 1; 103 48); opaque = NO; layer = <CALayer>>
   |    |    |    |    | <UIVisualEffectView; frame = (0 0; 103 48); userInteractionEnabled = NO; layer = <CALayer>> clientRequestedContentView effect=<UIVibrancyEffect> style=UIBlurEffectStyleSystemChromeMaterial vibrancyStyle=UIVibrancyEffectStyleFill
   |    |    |    |    |    | <_UIVisualEffectContentView; frame = (0 0; 103 48); autoresize = W+H; tintColor = UIExtendedGrayColorSpace 1 1; layer = <CALayer>> disablesGroupFiltering
   |    |    |    |    |    |    | <UITabBarSwappableImageView; frame = (38.6667 7.66667; 25.3333 21.6667); opaque = NO; userInteractionEnabled = NO; layer = <CALayer>>
   |    |    |    |    |    |    | <UITabBarButtonLabel; frame = (28.3333 34.3333; 46 12); text = 'Schedule'; opaque = NO; userInteractionEnabled = NO; layer = <_UILabelLayer>>
   |    |    |    | <UITabBarButton; frame = (216 1; 103 48); opaque = NO; layer = <CALayer>>
   |    |    |    |    | <UIVisualEffectView; frame = (0 0; 103 48); userInteractionEnabled = NO; layer = <CALayer>> clientRequestedContentView effect=<UIVibrancyEffect> style=UIBlurEffectStyleSystemChromeMaterial vibrancyStyle=UIVibrancyEffectStyleFill
   |    |    |    |    |    | <_UIVisualEffectContentView; frame = (0 0; 103 48); autoresize = W+H; tintColor = UIExtendedGrayColorSpace 1 1; layer = <CALayer>> disablesGroupFiltering
   |    |    |    |    |    |    | <UITabBarSwappableImageView; frame = (37 7.66667; 28.3333 25); opaque = NO; userInteractionEnabled = NO; layer = <CALayer>>
   |    |    |    |    |    |    | <UITabBarButtonLabel; frame = (37.6667 34.3333; 27.3333 12); text = 'News'; opaque = NO; userInteractionEnabled = NO; layer = <_UILabelLayer>>
   |    |    |    | <UITabBarButton; frame = (323 1; 103 48); opaque = NO; layer = <CALayer>>
   |    |    |    |    | <UIVisualEffectView; frame = (0 0; 103 48); userInteractionEnabled = NO; layer = <CALayer>> clientRequestedContentView effect=<UIVibrancyEffect> style=UIBlurEffectStyleSystemChromeMaterial vibrancyStyle=UIVibrancyEffectStyleFill
   |    |    |    |    |    | <_UIVisualEffectContentView; frame = (0 0; 103 48); autoresize = W+H; tintColor = UIExtendedGrayColorSpace 1 1; layer = <CALayer>> disablesGroupFiltering
   |    |    |    |    |    |    | <UITabBarSwappableImageView; frame = (38.6667 7.66667; 25 24.3333); opaque = NO; userInteractionEnabled = NO; layer = <CALayer>>
   |    |    |    |    |    |    | <UITabBarButtonLabel; frame = (30.6667 34.3333; 41.3333 12); text = 'Settings'; opaque = NO; userInteractionEnabled = NO; layer = <_UILabelLayer>>